[INFO] Scanning for projects...
[INFO] 
[INFO] -----------------------< com.water:water-server >-----------------------
[INFO] Building water-server 0.0.1-SNAPSHOT
[INFO]   from pom.xml
[INFO] --------------------------------[ jar ]---------------------------------
[INFO] 
[INFO] >>> spring-boot:3.4.3:run (default-cli) > test-compile @ water-server >>>
[INFO] 
[INFO] --- resources:3.3.1:resources (default-resources) @ water-server ---
[INFO] Copying 1 resource from src\main\resources to target\classes
[INFO] Copying 1 resource from src\main\resources to target\classes
[INFO] 
[INFO] --- compiler:3.13.0:compile (default-compile) @ water-server ---
[INFO] Nothing to compile - all classes are up to date.
[INFO] 
[INFO] --- resources:3.3.1:testResources (default-testResources) @ water-server ---
[INFO] skip non existing resourceDirectory C:\Users\wangx\Desktop\peisonal\water\water-server\src\test\resources
[INFO] 
[INFO] --- compiler:3.13.0:testCompile (default-testCompile) @ water-server ---
[INFO] Nothing to compile - all classes are up to date.
[INFO] 
[INFO] <<< spring-boot:3.4.3:run (default-cli) < test-compile @ water-server <<<
[INFO] 
[INFO] 
[INFO] --- spring-boot:3.4.3:run (default-cli) @ water-server ---
[INFO] Attaching agents: []

  .   ____          _            __ _ _
 /\\ / ___'_ __ _ _(_)_ __  __ _ \ \ \ \
( ( )\___ | '_ | '_| | '_ \/ _` | \ \ \ \
 \\/  ___)| |_)| | | | | || (_| |  ) ) ) )
  '  |____| .__|_| |_|_| |_\__, | / / / /
 =========|_|==============|___/=/_/_/_/

 :: Spring Boot ::                (v3.4.3)

2026-03-27T21:58:07.611+08:00  INFO 14200 --- [water-server] [           main] c.water.server.WaterServerApplication    : Starting WaterServerApplication using Java 17.0.12 with PID 14200 (C:\Users\wangx\Desktop\peisonal\water\water-server\target\classes started by wangx in C:\Users\wangx\Desktop\peisonal\water\water-server)
2026-03-27T21:58:07.613+08:00  INFO 14200 --- [water-server] [           main] c.water.server.WaterServerApplication    : No active profile set, falling back to 1 default profile: "default"
2026-03-27T21:58:09.982+08:00  INFO 14200 --- [water-server] [           main] o.s.b.w.embedded.tomcat.TomcatWebServer  : Tomcat initialized with port 8080 (http)
2026-03-27T21:58:09.997+08:00  INFO 14200 --- [water-server] [           main] o.apache.catalina.core.StandardService   : Starting service [Tomcat]
2026-03-27T21:58:09.997+08:00  INFO 14200 --- [water-server] [           main] o.apache.catalina.core.StandardEngine    : Starting Servlet engine: [Apache Tomcat/10.1.36]
2026-03-27T21:58:10.062+08:00  INFO 14200 --- [water-server] [           main] o.a.c.c.C.[Tomcat].[localhost].[/]       : Initializing Spring embedded WebApplicationContext
2026-03-27T21:58:10.062+08:00  INFO 14200 --- [water-server] [           main] w.s.c.ServletWebServerApplicationContext : Root WebApplicationContext: initialization completed in 2391 ms
2026-03-27T21:58:10.238+08:00  INFO 14200 --- [water-server] [           main] com.zaxxer.hikari.HikariDataSource       : HikariPool-1 - Starting...
2026-03-27T21:58:10.669+08:00  INFO 14200 --- [water-server] [           main] com.zaxxer.hikari.pool.HikariPool        : HikariPool-1 - Added connection org.sqlite.jdbc4.JDBC4Connection@2f7efd0b
2026-03-27T21:58:10.673+08:00  INFO 14200 --- [water-server] [           main] com.zaxxer.hikari.HikariDataSource       : HikariPool-1 - Start completed.
2026-03-27T21:58:11.568+08:00  INFO 14200 --- [water-server] [           main] o.s.b.w.embedded.tomcat.TomcatWebServer  : Tomcat started on port 8080 (http) with context path '/'
2026-03-27T21:58:11.589+08:00  INFO 14200 --- [water-server] [           main] c.water.server.WaterServerApplication    : Started WaterServerApplication in 4.634 seconds (process running for 5.125)
2026-03-27T21:58:11.597+08:00 DEBUG 14200 --- [water-server] [           main] o.s.jdbc.core.JdbcTemplate               : Executing SQL query [PRAGMA table_info(asset_account)]
2026-03-27T21:58:11.613+08:00 DEBUG 14200 --- [water-server] [           main] o.s.jdbc.core.JdbcTemplate               : Executing SQL query [PRAGMA table_info(asset_account)]
2026-03-27T21:58:11.613+08:00 DEBUG 14200 --- [water-server] [           main] o.s.jdbc.core.JdbcTemplate               : Executing SQL statement [CREATE INDEX IF NOT EXISTS idx_asset_account_parent ON asset_account (parent_account_id)]
2026-03-27T21:58:11.621+08:00 DEBUG 14200 --- [water-server] [           main] o.s.jdbc.core.JdbcTemplate               : Executing SQL query [SELECT COUNT(1) FROM asset_account WHERE account_code = 'BANK_CARDS']
2026-03-27T21:58:11.621+08:00 DEBUG 14200 --- [water-server] [           main] o.s.jdbc.core.JdbcTemplate               : Executing SQL query [SELECT id FROM asset_account WHERE account_code = 'BANK_CARDS']
2026-03-27T21:58:11.630+08:00 DEBUG 14200 --- [water-server] [           main] o.s.jdbc.core.JdbcTemplate               : Executing prepared SQL update
2026-03-27T21:58:11.631+08:00 DEBUG 14200 --- [water-server] [           main] o.s.jdbc.core.JdbcTemplate               : Executing prepared SQL statement [UPDATE asset_account
SET parent_account_id = ?,
    updated_at = CURRENT_TIMESTAMP
WHERE account_code = 'DEFAULT_BANK_CARD'
  AND (parent_account_id IS NULL OR parent_account_id = 0)
]
2026-03-27T21:58:11.643+08:00 TRACE 14200 --- [water-server] [           main] o.s.jdbc.core.StatementCreatorUtils      : Setting SQL statement parameter value: column index 1, parameter value [201], value class [java.lang.Long], SQL type unknown
2026-03-27T22:18:23.249+08:00  INFO 14200 --- [water-server] [nio-8080-exec-3] o.a.c.c.C.[Tomcat].[localhost].[/]       : Initializing Spring DispatcherServlet 'dispatcherServlet'
2026-03-27T22:18:23.250+08:00  INFO 14200 --- [water-server] [nio-8080-exec-3] o.s.web.servlet.DispatcherServlet        : Initializing Servlet 'dispatcherServlet'
2026-03-27T22:18:23.253+08:00  INFO 14200 --- [water-server] [nio-8080-exec-3] o.s.web.servlet.DispatcherServlet        : Completed initialization in 3 ms
2026-03-27T22:18:23.300+08:00 DEBUG 14200 --- [water-server] [nio-8080-exec-3] o.s.jdbc.core.JdbcTemplate               : Executing SQL query [SELECT id
FROM asset_snapshot
ORDER BY snapshot_date DESC, id DESC
LIMIT 1
]
2026-03-27T22:18:23.300+08:00 DEBUG 14200 --- [water-server] [nio-8080-exec-2] o.s.jdbc.core.JdbcTemplate               : Executing SQL query [SELECT id
FROM asset_snapshot
ORDER BY snapshot_date DESC, id DESC
LIMIT 1
]
2026-03-27T22:18:23.300+08:00 DEBUG 14200 --- [water-server] [nio-8080-exec-3] o.s.jdbc.core.JdbcTemplate               : Executing prepared SQL query
2026-03-27T22:18:23.302+08:00 DEBUG 14200 --- [water-server] [nio-8080-exec-3] o.s.jdbc.core.JdbcTemplate               : Executing prepared SQL statement [SELECT account_id, amount
FROM asset_snapshot_detail
WHERE snapshot_id = ?
]
2026-03-27T22:18:23.302+08:00 TRACE 14200 --- [water-server] [nio-8080-exec-3] o.s.jdbc.core.StatementCreatorUtils      : Setting SQL statement parameter value: column index 1, parameter value [118], value class [java.lang.Long], SQL type unknown
2026-03-27T22:18:23.303+08:00 DEBUG 14200 --- [water-server] [nio-8080-exec-2] o.s.jdbc.core.JdbcTemplate               : Executing prepared SQL query
2026-03-27T22:18:23.303+08:00 DEBUG 14200 --- [water-server] [nio-8080-exec-2] o.s.jdbc.core.JdbcTemplate               : Executing prepared SQL statement [SELECT account_id, amount
FROM asset_snapshot_detail
WHERE snapshot_id = ?
]
2026-03-27T22:18:23.303+08:00 DEBUG 14200 --- [water-server] [nio-8080-exec-3] o.s.jdbc.core.JdbcTemplate               : Executing SQL query [SELECT id,
       account_code,
       account_name,
       account_type,
       parent_account_id,
       is_summary,
       balance_direction,
       currency_code,
       institution_name,
       owner_name,
       remark,
       sort_order,
       enabled
FROM asset_account
 WHERE enabled = 1 AND is_summary = 0 ORDER BY sort_order ASC, id ASC]
2026-03-27T22:18:23.303+08:00 TRACE 14200 --- [water-server] [nio-8080-exec-2] o.s.jdbc.core.StatementCreatorUtils      : Setting SQL statement parameter value: column index 1, parameter value [118], value class [java.lang.Long], SQL type unknown
2026-03-27T22:18:23.305+08:00 DEBUG 14200 --- [water-server] [nio-8080-exec-1] o.s.jdbc.core.JdbcTemplate               : Executing SQL query [SELECT id,
       snapshot_date,
       income,
       fixed_expense,
       cash_total,
       investment_total,
       liability_total,
       gross_account_value,
       profit_loss,
       net_worth,
       public_funds,
       extra_amount,
       balance,
       note,
       remark,
       source_row_number
FROM asset_snapshot
ORDER BY snapshot_date DESC, id DESC
]
2026-03-27T22:18:23.305+08:00 DEBUG 14200 --- [water-server] [nio-8080-exec-2] o.s.jdbc.core.JdbcTemplate               : Executing SQL query [SELECT id,
       account_code,
       account_name,
       account_type,
       parent_account_id,
       is_summary,
       balance_direction,
       currency_code,
       institution_name,
       owner_name,
       remark,
       sort_order,
       enabled
FROM asset_account
 ORDER BY sort_order ASC, id ASC]
2026-03-27T22:18:23.318+08:00 DEBUG 14200 --- [water-server] [nio-8080-exec-1] o.s.jdbc.core.JdbcTemplate               : Executing prepared SQL query
2026-03-27T22:18:23.318+08:00 DEBUG 14200 --- [water-server] [nio-8080-exec-1] o.s.jdbc.core.JdbcTemplate               : Executing prepared SQL statement [SELECT d.snapshot_id,
       a.account_code,
       a.account_name,
       a.account_type,
       a.parent_account_id,
       a.is_summary,
       a.balance_direction,
       d.currency_code,
       d.amount,
       d.original_amount,
       d.remark
FROM asset_snapshot_detail d
JOIN asset_account a ON a.id = d.account_id
 ORDER BY d.snapshot_id DESC, a.sort_order ASC, d.id ASC]
2026-03-27T23:46:36.421+08:00  WARN 14200 --- [water-server] [l-1 housekeeper] com.zaxxer.hikari.pool.HikariPool        : HikariPool-1 - Thread starvation or clock leap detected (housekeeper delta=1h47m57s207ms283?s400ns).
2026-03-27T23:47:07.714+08:00 DEBUG 14200 --- [water-server] [nio-8080-exec-5] o.s.jdbc.core.JdbcTemplate               : Executing SQL query [SELECT id
FROM asset_snapshot
ORDER BY snapshot_date DESC, id DESC
LIMIT 1
]
2026-03-27T23:47:07.714+08:00 DEBUG 14200 --- [water-server] [nio-8080-exec-4] o.s.jdbc.core.JdbcTemplate               : Executing SQL query [SELECT id,
       snapshot_date,
       income,
       fixed_expense,
       cash_total,
       investment_total,
       liability_total,
       gross_account_value,
       profit_loss,
       net_worth,
       public_funds,
       extra_amount,
       balance,
       note,
       remark,
       source_row_number
FROM asset_snapshot
ORDER BY snapshot_date DESC, id DESC
]
2026-03-27T23:47:07.718+08:00 DEBUG 14200 --- [water-server] [nio-8080-exec-7] o.s.jdbc.core.JdbcTemplate               : Executing SQL query [SELECT id
FROM asset_snapshot
ORDER BY snapshot_date DESC, id DESC
LIMIT 1
]
2026-03-27T23:47:07.720+08:00 DEBUG 14200 --- [water-server] [nio-8080-exec-4] o.s.jdbc.core.JdbcTemplate               : Executing prepared SQL query
2026-03-27T23:47:07.722+08:00 DEBUG 14200 --- [water-server] [nio-8080-exec-4] o.s.jdbc.core.JdbcTemplate               : Executing prepared SQL statement [SELECT d.snapshot_id,
       a.account_code,
       a.account_name,
       a.account_type,
       a.parent_account_id,
       a.is_summary,
       a.balance_direction,
       d.currency_code,
       d.amount,
       d.original_amount,
       d.remark
FROM asset_snapshot_detail d
JOIN asset_account a ON a.id = d.account_id
 ORDER BY d.snapshot_id DESC, a.sort_order ASC, d.id ASC]
2026-03-27T23:47:07.722+08:00 DEBUG 14200 --- [water-server] [nio-8080-exec-7] o.s.jdbc.core.JdbcTemplate               : Executing prepared SQL query
2026-03-27T23:47:07.722+08:00 DEBUG 14200 --- [water-server] [nio-8080-exec-7] o.s.jdbc.core.JdbcTemplate               : Executing prepared SQL statement [SELECT account_id, amount
FROM asset_snapshot_detail
WHERE snapshot_id = ?
]
2026-03-27T23:47:07.722+08:00 TRACE 14200 --- [water-server] [nio-8080-exec-7] o.s.jdbc.core.StatementCreatorUtils      : Setting SQL statement parameter value: column index 1, parameter value [118], value class [java.lang.Long], SQL type unknown
2026-03-27T23:47:07.724+08:00 DEBUG 14200 --- [water-server] [nio-8080-exec-7] o.s.jdbc.core.JdbcTemplate               : Executing SQL query [SELECT id,
       account_code,
       account_name,
       account_type,
       parent_account_id,
       is_summary,
       balance_direction,
       currency_code,
       institution_name,
       owner_name,
       remark,
       sort_order,
       enabled
FROM asset_account
 ORDER BY sort_order ASC, id ASC]
2026-03-27T23:47:07.728+08:00 DEBUG 14200 --- [water-server] [nio-8080-exec-5] o.s.jdbc.core.JdbcTemplate               : Executing prepared SQL query
2026-03-27T23:47:07.728+08:00 DEBUG 14200 --- [water-server] [nio-8080-exec-5] o.s.jdbc.core.JdbcTemplate               : Executing prepared SQL statement [SELECT account_id, amount
FROM asset_snapshot_detail
WHERE snapshot_id = ?
]
2026-03-27T23:47:07.728+08:00 TRACE 14200 --- [water-server] [nio-8080-exec-5] o.s.jdbc.core.StatementCreatorUtils      : Setting SQL statement parameter value: column index 1, parameter value [118], value class [java.lang.Long], SQL type unknown
2026-03-27T23:47:07.730+08:00 DEBUG 14200 --- [water-server] [nio-8080-exec-5] o.s.jdbc.core.JdbcTemplate               : Executing SQL query [SELECT id,
       account_code,
       account_name,
       account_type,
       parent_account_id,
       is_summary,
       balance_direction,
       currency_code,
       institution_name,
       owner_name,
       remark,
       sort_order,
       enabled
FROM asset_account
 WHERE enabled = 1 AND is_summary = 0 ORDER BY sort_order ASC, id ASC]
^C